// Jest Snapshot v1, https://goo.gl/fbAQLP

exports[`Engagement Report Page should render 1`] = `
<Page
  empty={Object {}}
  title="Engagement Report"
>
  <withRouter(Connect(ReportOptions))
    reportLoading={false}
    searchOptions={Object {}}
  />
  <Connect(EngagementSummary)
    accepted={1}
    clicks={3}
    loading={false}
    opens={4}
    sent={2}
  />
  <LoadableComponent
    accepted={1}
    clicks={3}
    loading={false}
    opens={4}
    sent={2}
  />
  <EngagementTable
    data={
      Array [
        Object {
          "count_clicked": 1776,
          "count_raw_clicked_approx": 1657,
          "link_name": "Raw URL",
        },
      ]
    }
    loading={false}
  />
</Page>
`;
