// Jest Snapshot v1, https://goo.gl/fbAQLP

exports[`EngagementChart renders empty panel 1`] = `
<Empty
  message="No engagement to report"
/>
`;

exports[`EngagementChart renders engagement chart 1`] = `
<Panel
  sectioned={true}
>
  <div>
    <ResponsiveContainer
      debounce={0}
      height={350}
      width="99%"
    >
      <BarChart
        barCategoryGap="35%"
        barGap={4}
        data={
          Array [
            Object {
              "label": "Sent",
              "value": 50000,
            },
            Object {
              "label": "Accepted",
              "value": 40000,
            },
            Object {
              "label": "Unique Confirmed Opens",
              "value": 5000,
            },
            Object {
              "label": "Unique Clicks",
              "value": 2525,
            },
          ]
        }
        layout="horizontal"
        margin={
          Object {
            "bottom": 5,
            "left": 5,
            "right": 5,
            "top": 25,
          }
        }
        reverseStackOrder={false}
        stackOffset="none"
      >
        <CartesianGrid
          fill="none"
          horizontal={true}
          horizontalPoints={Array []}
          stroke="#ccc"
          strokeDasharray="4 1"
          vertical={false}
          verticalPoints={Array []}
        />
        <XAxis
          allowDataOverflow={false}
          allowDecimals={true}
          dataKey="label"
          domain={
            Array [
              0,
              "auto",
            ]
          }
          height={30}
          hide={false}
          mirror={false}
          orientation="bottom"
          padding={
            Object {
              "left": 0,
              "right": 0,
            }
          }
          reversed={false}
          scale="auto"
          tickCount={5}
          tickLine={false}
          type="category"
          width={0}
          xAxisId={0}
        />
        <YAxis
          allowDataOverflow={false}
          allowDecimals={true}
          domain={
            Array [
              0,
              "auto",
            ]
          }
          height={0}
          hide={false}
          mirror={false}
          orientation="left"
          padding={
            Object {
              "top": 60,
            }
          }
          reversed={false}
          scale="auto"
          tickCount={5}
          tickFormatter={[Function]}
          tickLine={false}
          type="number"
          width={60}
          yAxisId={0}
        />
        <Bar
          animationBegin={0}
          animationDuration={400}
          animationEasing="ease"
          data={Array []}
          dataKey="value"
          fill="#37aadc"
          hide={false}
          isAnimationActive={false}
          layout="vertical"
          legendType="rect"
          minPointSize={0}
          onAnimationEnd={[Function]}
          onAnimationStart={[Function]}
          xAxisId={0}
          yAxisId={0}
        >
          <LabelList
            fill="#55555a"
            formatter={[Function]}
            position="top"
            valueAccessor={[Function]}
          />
        </Bar>
        <ReferenceArea
          alwaysShow={false}
          fill="#ccc"
          fillOpacity={0.5}
          isFront={false}
          percentage="80%"
          r={10}
          shape={[Function]}
          stroke="none"
          strokeWidth={1}
          x1="Sent"
          x2="Accepted"
          xAxisId={0}
          yAxisId={0}
        />
        <ReferenceArea
          alwaysShow={false}
          fill="#ccc"
          fillOpacity={0.5}
          isFront={false}
          percentage="10%"
          r={10}
          shape={[Function]}
          stroke="none"
          strokeWidth={1}
          x1="Accepted"
          x2="Unique Confirmed Opens"
          xAxisId={0}
          yAxisId={0}
        />
        <ReferenceArea
          alwaysShow={false}
          fill="#ccc"
          fillOpacity={0.5}
          isFront={false}
          percentage="5.05%"
          r={10}
          shape={[Function]}
          stroke="none"
          strokeWidth={1}
          x1="Unique Confirmed Opens"
          x2="Unique Clicks"
          xAxisId={0}
          yAxisId={0}
        />
      </BarChart>
    </ResponsiveContainer>
  </div>
</Panel>
`;

exports[`EngagementChart renders loading 1`] = `
<PanelLoading
  minHeight="400px"
/>
`;
