// Jest Snapshot v1, https://goo.gl/fbAQLP

exports[`Analytics Utils determineFormValidationState serializes when syncErrors contains object in value 1`] = `
Object {
  "action": "Validation Error",
  "label": "fooForm: billingInfo={\\"address\\":\\"Required\\",\\"zip\\":\\"Required\\"}",
}
`;

exports[`Analytics Utils determineFormValidationState validation error with fields errors 1`] = `
Object {
  "action": "Validation Error",
  "label": "fooForm: name=Required",
}
`;

exports[`Analytics Utils determineFormValidationState validation error with generic error 1`] = `
Object {
  "action": "Validation Error",
  "label": "fooForm: _error=Some form level error",
}
`;

exports[`Analytics Utils determineFormValidationState validation error with generic error with equal sign 1`] = `
Object {
  "action": "Validation Error",
  "label": "fooForm: _error=must be value%3D2",
}
`;

exports[`Analytics Utils determineFormValidationState validation success with no syncErrors 1`] = `
Object {
  "action": "Validation Success",
  "label": "fooForm: ",
}
`;
