// Jest Snapshot v1, https://goo.gl/fbAQLP

exports[`renders correctly 1`] = `
<form
  onSubmit={[MockFunction]}
>
  <Field
    autoFocus={true}
    component={[Function]}
    errorInLabel={true}
    id="username"
    label="Email or Username"
    name="username"
    placeholder="username@email.com"
    validate={[Function]}
  />
  <Field
    component={[Function]}
    helpText={
      <PageLink
        to="/forgot-password"
      >
        Forgot your password?
      </PageLink>
    }
    id="password"
    label="Password"
    name="password"
    placeholder="••••••••"
    type="password"
  />
  <Field
    component={[Function]}
    id="rememberMe"
    label="Keep me logged in"
    name="rememberMe"
  />
  <Button
    primary={true}
    size="default"
    submit={true}
  >
    Log In
  </Button>
</form>
`;

exports[`renders correctly when logging in 1`] = `
<form
  onSubmit={[MockFunction]}
>
  <Field
    autoFocus={true}
    component={[Function]}
    errorInLabel={true}
    id="username"
    label="Email or Username"
    name="username"
    placeholder="username@email.com"
    validate={[Function]}
  />
  <Field
    component={[Function]}
    helpText={
      <PageLink
        to="/forgot-password"
      >
        Forgot your password?
      </PageLink>
    }
    id="password"
    label="Password"
    name="password"
    placeholder="••••••••"
    type="password"
  />
  <Field
    component={[Function]}
    id="rememberMe"
    label="Keep me logged in"
    name="rememberMe"
  />
  <Button
    disabled={true}
    primary={true}
    size="default"
    submit={true}
  >
    Logging In
  </Button>
</form>
`;

exports[`renders correctly when ssoEnabled is true 1`] = `
<form
  onSubmit={[MockFunction]}
>
  <Field
    autoFocus={true}
    component={[Function]}
    errorInLabel={true}
    id="username"
    label="Email or Username"
    name="username"
    placeholder="username@email.com"
    validate={[Function]}
  />
  <Button
    primary={true}
    size="default"
    submit={true}
  >
    Log In
  </Button>
</form>
`;
