// Jest Snapshot v1, https://goo.gl/fbAQLP

exports[`Billing Address Fields: should render 1`] = `
<div>
  <Grid
    className="spacer"
  >
    <Grid.Column
      xs={6}
    >
      <Field
        component={[Function]}
        label="First Name"
        name="billingContact.firstName"
        validate={[Function]}
      />
    </Grid.Column>
    <Grid.Column
      xs={6}
    >
      <Field
        component={[Function]}
        label="Last Name"
        name="billingContact.lastName"
        validate={[Function]}
      />
    </Grid.Column>
  </Grid>
  <Field
    component={[Function]}
    label="Email"
    name="billingContact.email"
    validate={
      Array [
        [Function],
        [Function],
      ]
    }
  />
  <Field
    component={[Function]}
    label="Country"
    name="billingContact.country"
    onChange={[Function]}
    options={
      Array [
        Object {
          "label": "USOFA",
          "states": Array [
            Object {
              "name": "mrylnd",
              "value": "MD",
            },
          ],
          "value": "US",
        },
      ]
    }
    placeholder="Select a country"
    validate={[Function]}
  />
  <Grid>
    <Grid.Column
      xs={6}
    >
      <Field
        component={[Function]}
        label="Zip/Postal Code"
        name="billingContact.zip"
        validate={[Function]}
      />
    </Grid.Column>
  </Grid>
</div>
`;

exports[`Billing Address Fields: should show states 1`] = `
<div>
  <Grid
    className="spacer"
  >
    <Grid.Column
      xs={6}
    >
      <Field
        component={[Function]}
        label="First Name"
        name="billingContact.firstName"
        validate={[Function]}
      />
    </Grid.Column>
    <Grid.Column
      xs={6}
    >
      <Field
        component={[Function]}
        label="Last Name"
        name="billingContact.lastName"
        validate={[Function]}
      />
    </Grid.Column>
  </Grid>
  <Field
    component={[Function]}
    label="Email"
    name="billingContact.email"
    validate={
      Array [
        [Function],
        [Function],
      ]
    }
  />
  <Field
    component={[Function]}
    label="Country"
    name="billingContact.country"
    onChange={[Function]}
    options={
      Array [
        Object {
          "label": "USOFA",
          "states": Array [
            Object {
              "name": "mrylnd",
              "value": "MD",
            },
          ],
          "value": "US",
        },
      ]
    }
    placeholder="Select a country"
    validate={[Function]}
  />
  <Grid>
    <Grid.Column
      xs={6}
    >
      <Field
        component={[Function]}
        label="State"
        name="billingContact.state"
        options={
          Array [
            Object {
              "name": "mrylnd",
              "value": "MD",
            },
          ]
        }
        validate={[Function]}
      />
    </Grid.Column>
    <Grid.Column
      xs={6}
    >
      <Field
        component={[Function]}
        label="Zip Code"
        name="billingContact.zip"
        validate={[Function]}
      />
    </Grid.Column>
  </Grid>
</div>
`;
